./test/sfTestBrowser.class.php
./generator/sfCrudGenerator.class.php
./generator/sfAdminGenerator.class.php
./generator/sfGeneratorManager.class.php
./generator/sfGenerator.class.php
./debug/sfTimer.class.php
./debug/sfWebDebug.class.php
./debug/sfTimerManager.class.php
./debug/sfDebug.class.php
./action/sfComponents.class.php
./action/sfAction.class.php
./action/sfActionStackEntry.class.php
./action/sfComponent.class.php
./action/sfActions.class.php
./action/sfActionStack.class.php
./controller/sfRouting.class.php
./controller/sfFrontWebController.class.php
./controller/sfWebController.class.php
./controller/sfConsoleController.class.php
./controller/sfController.class.php
./response/sfConsoleResponse.class.php
./response/sfResponse.class.php
./response/sfWebResponse.class.php
./helper/sfRichTextEditor.class.php
./helper/ObjectHelper.php
./helper/sfRichTextEditorTinyMCE.class.php
./helper/I18NHelper.php
./helper/sfRichTextEditorFCK.class.php
./helper/CacheHelper.php
./helper/TextHelper.php
./helper/AssetHelper.php
./helper/DebugHelper.php
./helper/JavascriptHelper.php
./helper/EscapingHelper.php
./helper/FormHelper.php
./helper/HelperHelper.php
./helper/DateHelper.php
./helper/ObjectAdminHelper.php
./helper/DateFormHelper.php
./helper/NumberHelper.php
./helper/UrlHelper.php
./helper/TagHelper.php
./helper/ValidationHelper.php
./helper/PartialHelper.php
./symfony.php
./exception/sfControllerException.class.php
./exception/sfConfigurationException.class.php
./exception/sfInitializationException.class.php
./exception/sfActionException.class.php
./exception/sfError404Exception.class.php
./exception/sfFactoryException.class.php
./exception/sfFilterException.class.php
./exception/sfCacheException.class.php
./exception/sfAutoloadException.class.php
./exception/sfStopException.class.php
./exception/sfStorageException.class.php
./exception/sfViewException.class.php
./exception/sfException.class.php
./exception/sfForwardException.class.php
./exception/sfRenderException.class.php
./exception/sfDatabaseException.class.php
./exception/sfContextException.class.php
./exception/sfValidatorException.class.php
./exception/sfFileException.class.php
./exception/sfParseException.class.php
./exception/sfSecurityException.class.php
./i18n/sfMessageFormat.class.php
./i18n/sfMessageSource_SQLite.class.php
./i18n/sfIMessageSource.class.php
./i18n/sfMessageSource_gettext.class.php
./i18n/sfNumberFormatInfo.class.php
./i18n/sfMessageSource.class.php
./i18n/util.php
./i18n/sfDateFormat.class.php
./i18n/sfMessageCache.class.php
./i18n/sfChoiceFormat.class.php
./i18n/sfNumberFormat.class.php
./i18n/Gettext/MO.php
./i18n/Gettext/PO.php
./i18n/Gettext/TGettext.class.php
./i18n/sfI18N.class.php
./i18n/sfCultureInfo.class.php
./i18n/sfMessageSource_MySQL.class.php
./i18n/sfMessageSource_XLIFF.class.php
./i18n/sfDateTimeFormatInfo.class.php
./view/sfMailView.class.php
./view/sfView.class.php
./view/sfPartialView.class.php
./view/sfPHPView.class.php
./view/escaper/sfOutputEscaperIteratorDecorator.class.php
./view/escaper/sfOutputEscaperGetterDecorator.class.php
./view/escaper/sfOutputEscaper.class.php
./view/escaper/sfOutputEscaperArrayDecorator.class.php
./view/escaper/sfOutputEscaperObjectDecorator.class.php
./view/sfViewCacheManager.class.php
./config/sfGeneratorConfigHandler.class.php
./config/sfAutoloadConfigHandler.class.php
./config/sfViewConfigHandler.class.php
./config/sfLoggingConfigHandler.class.php
./config/sfValidatorConfigHandler.class.php
./config/sfLoader.class.php
./config/sfDefineEnvironmentConfigHandler.class.php
./config/sfRoutingConfigHandler.class.php
./config/sfConfig.class.php
./config/sfSecurityConfigHandler.class.php
./config/sfPhpConfigHandler.class.php
./config/sfCompileConfigHandler.class.php
./config/sfSimpleYamlConfigHandler.class.php
./config/sfDatabaseConfigHandler.class.php
./config/sfConfigCache.class.php
./config/sfYamlConfigHandler.class.php
./config/sfCacheConfigHandler.class.php
./config/sfConfigHandler.class.php
./config/sfRootConfigHandler.class.php
./config/sfFactoryConfigHandler.class.php
./config/sfFilterConfigHandler.class.php
./storage/sfPDOSessionStorage.class.php
./storage/sfPostgreSQLSessionStorage.class.php
./storage/sfMySQLSessionStorage.class.php
./storage/sfStorage.class.php
./storage/sfSessionTestStorage.class.php
./storage/sfSessionStorage.class.php
./request/sfConsoleRequest.class.php
./request/sfRequest.class.php
./request/sfWebRequest.class.php
./vendor/phpmailer/language/phpmailer.lang-en.php
./vendor/phpmailer/language/phpmailer.lang-de.php
./vendor/phpmailer/language/phpmailer.lang-ro.php
./vendor/phpmailer/language/phpmailer.lang-fr.php
./vendor/phpmailer/language/phpmailer.lang-pl.php
./vendor/phpmailer/language/phpmailer.lang-ru.php
./vendor/phpmailer/language/phpmailer.lang-ca.php
./vendor/phpmailer/language/phpmailer.lang-ja.php
./vendor/phpmailer/language/phpmailer.lang-se.php
./vendor/phpmailer/language/phpmailer.lang-fi.php
./vendor/phpmailer/language/phpmailer.lang-nl.php
./vendor/phpmailer/language/phpmailer.lang-br.php
./vendor/phpmailer/language/phpmailer.lang-cz.php
./vendor/phpmailer/language/phpmailer.lang-tr.php
./vendor/phpmailer/language/phpmailer.lang-fo.php
./vendor/phpmailer/language/phpmailer.lang-dk.php
./vendor/phpmailer/language/phpmailer.lang-es.php
./vendor/phpmailer/language/phpmailer.lang-hu.php
./vendor/phpmailer/language/phpmailer.lang-it.php
./vendor/phpmailer/language/phpmailer.lang-no.php
./vendor/phpmailer/class.phpmailer.php
./vendor/phpmailer/class.smtp.php
./vendor/lime/lime.php
./vendor/creole/metadata/ColumnInfo.php
./vendor/creole/metadata/DatabaseInfo.php
./vendor/creole/metadata/TableInfo.php
./vendor/creole/metadata/IndexInfo.php
./vendor/creole/metadata/PrimaryKeyInfo.php
./vendor/creole/metadata/ForeignKeyInfo.php
./vendor/creole/CallableStatement.php
./vendor/creole/CreoleTypes.php
./vendor/creole/IdGenerator.php
./vendor/creole/ResultSet.php
./vendor/creole/SQLException.php
./vendor/creole/ResultSetIterator.php
./vendor/creole/drivers/sqlite/metadata/SQLiteTableInfo.php
./vendor/creole/drivers/sqlite/metadata/SQLiteDatabaseInfo.php
./vendor/creole/drivers/sqlite/SQLitePreparedStatement.php
./vendor/creole/drivers/sqlite/SQLiteStatement.php
./vendor/creole/drivers/sqlite/SQLiteTypes.php
./vendor/creole/drivers/sqlite/SQLiteResultSet.php
./vendor/creole/drivers/sqlite/SQLiteIdGenerator.php
./vendor/creole/drivers/sqlite/SQLiteResultSetIterator.php
./vendor/creole/drivers/sqlite/SQLiteConnection.php
./vendor/creole/drivers/mysqli/metadata/MySQLiTableInfo.php
./vendor/creole/drivers/mysqli/metadata/MySQLiDatabaseInfo.php
./vendor/creole/drivers/mysqli/MySQLiPreparedStatement.php
./vendor/creole/drivers/mysqli/MySQLiConnection.php
./vendor/creole/drivers/mysqli/MySQLiResultSet.php
./vendor/creole/drivers/mysqli/MySQLiStatement.php
./vendor/creole/drivers/mysqli/MySQLiIdGenerator.php
./vendor/creole/drivers/odbc/metadata/ODBCDatabaseInfo.php
./vendor/creole/drivers/odbc/metadata/ODBCTableInfo.php
./vendor/creole/drivers/odbc/ODBCConnection.php
./vendor/creole/drivers/odbc/ODBCIdGenerator.php
./vendor/creole/drivers/odbc/ODBCStatement.php
./vendor/creole/drivers/odbc/ODBCResultSetCommon.php
./vendor/creole/drivers/odbc/ODBCResultSet.php
./vendor/creole/drivers/odbc/ODBCCachedResultSet.php
./vendor/creole/drivers/odbc/ODBCPreparedStatement.php
./vendor/creole/drivers/odbc/adapters/ODBCAdapter.php
./vendor/creole/drivers/odbc/adapters/MySQLAdapter.php
./vendor/creole/drivers/odbc/adapters/CodeBaseAdapter.php
./vendor/creole/drivers/odbc/ODBCTypes.php
./vendor/creole/drivers/mssql/MSSQLStatement.php
./vendor/creole/drivers/mssql/metadata/MSSQLTableInfo.php
./vendor/creole/drivers/mssql/metadata/MSSQLDatabaseInfo.php
./vendor/creole/drivers/mssql/MSSQLPreparedStatement.php
./vendor/creole/drivers/mssql/MSSQLTypes.php
./vendor/creole/drivers/mssql/MSSQLCallableStatement.php
./vendor/creole/drivers/mssql/MSSQLIdGenerator.php
./vendor/creole/drivers/mssql/MSSQLResultSet.php
./vendor/creole/drivers/mssql/MSSQLConnection.php
./vendor/creole/drivers/mysql/metadata/MySQLDatabaseInfo.php
./vendor/creole/drivers/mysql/metadata/MySQLTableInfo.php
./vendor/creole/drivers/mysql/MySQLIdGenerator.php
./vendor/creole/drivers/mysql/MySQLTypes.php
./vendor/creole/drivers/mysql/MySQLPreparedStatement.php
./vendor/creole/drivers/mysql/MySQLConnection.php
./vendor/creole/drivers/mysql/MySQLStatement.php
./vendor/creole/drivers/mysql/MySQLResultSet.php
./vendor/creole/drivers/oracle/metadata/OCI8TableInfo.php
./vendor/creole/drivers/oracle/metadata/OCI8DatabaseInfo.php
./vendor/creole/drivers/oracle/OCI8Types.php
./vendor/creole/drivers/oracle/OCI8Statement.php
./vendor/creole/drivers/oracle/OCI8ResultSet.php
./vendor/creole/drivers/oracle/OCI8IdGenerator.php
./vendor/creole/drivers/oracle/OCI8Connection.php
./vendor/creole/drivers/oracle/OCI8PreparedStatement.php
./vendor/creole/drivers/pgsql/metadata/PgSQLTableInfo.php
./vendor/creole/drivers/pgsql/metadata/PgSQLDatabaseInfo.php
./vendor/creole/drivers/pgsql/PgSQLTypes.php
./vendor/creole/drivers/pgsql/PgSQLResultSet.php
./vendor/creole/drivers/pgsql/PgSQLResultSetIterator.php
./vendor/creole/drivers/pgsql/PgSQLIdGenerator.php
./vendor/creole/drivers/pgsql/PgSQLConnection.php
./vendor/creole/drivers/pgsql/PgSQLStatement.php
./vendor/creole/drivers/pgsql/PgSQLPreparedStatement.php
./vendor/creole/util/Lob.php
./vendor/creole/util/Blob.php
./vendor/creole/util/Clob.php
./vendor/creole/util/sql/SQLStatementExtractor.php
./vendor/creole/Creole.php
./vendor/creole/Connection.php
./vendor/creole/common/StatementCommon.php
./vendor/creole/common/ConnectionCommon.php
./vendor/creole/common/ResultSetCommon.php
./vendor/creole/common/PreparedStatementCommon.php
./vendor/creole/contrib/DebugConnection.php
./vendor/creole/PreparedStatement.php
./vendor/creole/Statement.php
./vendor/pake/pakeApp.class.php
./vendor/pake/pakeException.class.php
./vendor/pake/pakeNumberCompare.class.php
./vendor/pake/pakeColor.class.php
./vendor/pake/tasks/pakeSimpletestTask.class.php
./vendor/pake/tasks/pakePearTask.class.php
./vendor/pake/tasks/pakePhingTask.class.php
./vendor/pake/pakeFileTask.class.php
./vendor/pake/pakeGetopt.class.php
./vendor/pake/pakeGlobToRegex.class.php
./vendor/pake/pakeFunction.php
./vendor/pake/pakeYaml.class.php
./vendor/pake/pakeTask.class.php
./vendor/pake/pakeFinder.class.php
./vendor/propel-generator/pear/BuildPropelGenPEARPackageTask.php
./vendor/propel-generator/classes/propel/engine/EngineException.php
./vendor/propel-generator/classes/propel/engine/database/transform/XmlToAppData.php
./vendor/propel-generator/classes/propel/engine/database/transform/XmlToData.php
./vendor/propel-generator/classes/propel/engine/database/model/Inheritance.php
./vendor/propel-generator/classes/propel/engine/database/model/IdMethodParameter.php
./vendor/propel-generator/classes/propel/engine/database/model/XMLElement.php
./vendor/propel-generator/classes/propel/engine/database/model/NameGenerator.php
./vendor/propel-generator/classes/propel/engine/database/model/Index.php
./vendor/propel-generator/classes/propel/engine/database/model/ConstraintNameGenerator.php
./vendor/propel-generator/classes/propel/engine/database/model/Domain.php
./vendor/propel-generator/classes/propel/engine/database/model/Validator.php
./vendor/propel-generator/classes/propel/engine/database/model/ForeignKey.php
./vendor/propel-generator/classes/propel/engine/database/model/Unique.php
./vendor/propel-generator/classes/propel/engine/database/model/Database.php
./vendor/propel-generator/classes/propel/engine/database/model/IDMethod.php
./vendor/propel-generator/classes/propel/engine/database/model/NameFactory.php
./vendor/propel-generator/classes/propel/engine/database/model/Table.php
./vendor/propel-generator/classes/propel/engine/database/model/Column.php
./vendor/propel-generator/classes/propel/engine/database/model/Rule.php
./vendor/propel-generator/classes/propel/engine/database/model/AppData.php
./vendor/propel-generator/classes/propel/engine/database/model/PhpNameGenerator.php
./vendor/propel-generator/classes/propel/engine/database/model/PropelTypes.php
./vendor/propel-generator/classes/propel/engine/builder/DataModelBuilder.php
./vendor/propel-generator/classes/propel/engine/builder/om/ObjectBuilder.php
./vendor/propel-generator/classes/propel/engine/builder/om/PeerBuilder.php
./vendor/propel-generator/classes/propel/engine/builder/om/ClassTools.php
./vendor/propel-generator/classes/propel/engine/builder/om/php5/PHP5NodePeerBuilder.php
./vendor/propel-generator/classes/propel/engine/builder/om/php5/PHP5InterfaceBuilder.php
./vendor/propel-generator/classes/propel/engine/builder/om/php5/PHP5ExtensionNodePeerBuilder.php
./vendor/propel-generator/classes/propel/engine/builder/om/php5/PHP5MapBuilderBuilder.php
./vendor/propel-generator/classes/propel/engine/builder/om/php5/PHP5ExtensionNodeBuilder.php
./vendor/propel-generator/classes/propel/engine/builder/om/php5/PHP5ComplexPeerBuilder.php
./vendor/propel-generator/classes/propel/engine/builder/om/php5/PHP5ExtensionObjectBuilder.php
./vendor/propel-generator/classes/propel/engine/builder/om/php5/PHP5ComplexObjectBuilder.php
./vendor/propel-generator/classes/propel/engine/builder/om/php5/PHP5MultiExtendObjectBuilder.php
./vendor/propel-generator/classes/propel/engine/builder/om/php5/PHP5ExtensionPeerBuilder.php
./vendor/propel-generator/classes/propel/engine/builder/om/php5/PHP5BasicObjectBuilder.php
./vendor/propel-generator/classes/propel/engine/builder/om/php5/PHP5BasicPeerBuilder.php
./vendor/propel-generator/classes/propel/engine/builder/om/php5/PHP5NodeBuilder.php
./vendor/propel-generator/classes/propel/engine/builder/om/OMBuilder.php
./vendor/propel-generator/classes/propel/engine/builder/sql/sqlite/SqliteDDLBuilder.php
./vendor/propel-generator/classes/propel/engine/builder/sql/sqlite/SqliteDataSQLBuilder.php
./vendor/propel-generator/classes/propel/engine/builder/sql/mysqli/MysqliDDLBuilder.php
./vendor/propel-generator/classes/propel/engine/builder/sql/mysqli/MysqliDataSQLBuilder.php
./vendor/propel-generator/classes/propel/engine/builder/sql/DataSQLBuilder.php
./vendor/propel-generator/classes/propel/engine/builder/sql/DDLBuilder.php
./vendor/propel-generator/classes/propel/engine/builder/sql/mssql/MssqlDataSQLBuilder.php
./vendor/propel-generator/classes/propel/engine/builder/sql/mssql/MssqlDDLBuilder.php
./vendor/propel-generator/classes/propel/engine/builder/sql/mysql/MysqlDataSQLBuilder.php
./vendor/propel-generator/classes/propel/engine/builder/sql/mysql/MysqlDDLBuilder.php
./vendor/propel-generator/classes/propel/engine/builder/sql/oracle/OracleDDLBuilder.php
./vendor/propel-generator/classes/propel/engine/builder/sql/oracle/OracleDataSQLBuilder.php
./vendor/propel-generator/classes/propel/engine/builder/sql/pgsql/PgsqlDataSQLBuilder.php
./vendor/propel-generator/classes/propel/engine/builder/sql/pgsql/PgsqlDDLBuilder.php
./vendor/propel-generator/classes/propel/engine/platform/MssqlPlatform.php
./vendor/propel-generator/classes/propel/engine/platform/MysqliPlatform.php
./vendor/propel-generator/classes/propel/engine/platform/PgsqlPlatform.php
./vendor/propel-generator/classes/propel/engine/platform/MysqlPlatform.php
./vendor/propel-generator/classes/propel/engine/platform/Platform.php
./vendor/propel-generator/classes/propel/engine/platform/DefaultPlatform.php
./vendor/propel-generator/classes/propel/engine/platform/SqlitePlatform.php
./vendor/propel-generator/classes/propel/engine/platform/OraclePlatform.php
./vendor/propel-generator/classes/propel/phing/PropelDataDTDTask.php
./vendor/propel-generator/classes/propel/phing/PropelDataDumpTask.php
./vendor/propel-generator/classes/propel/phing/PropelDataModelTask.php
./vendor/propel-generator/classes/propel/phing/PropelGraphvizTask.php
./vendor/propel-generator/classes/propel/phing/PropelOMTask.php
./vendor/propel-generator/classes/propel/phing/PropelOldOMTask.php
./vendor/propel-generator/classes/propel/phing/PropelOldSQLTask.php
./vendor/propel-generator/classes/propel/phing/AbstractPropelDataModelTask.php
./vendor/propel-generator/classes/propel/phing/PropelSQLExec.php
./vendor/propel-generator/classes/propel/phing/PropelCreoleTransformTask.php
./vendor/propel-generator/classes/propel/phing/PropelDataSQLTask.php
./vendor/propel-generator/classes/propel/phing/PropelSQLTask.php
./vendor/phing/BuildListener.php
./vendor/phing/BuildEvent.php
./vendor/phing/system/lang/FileNotFoundException.php
./vendor/phing/system/lang/NullPointerException.php
./vendor/phing/system/lang/Character.php
./vendor/phing/system/lang/SecurityException.php
./vendor/phing/system/lang/EventObject.php
./vendor/phing/system/util/Register.php
./vendor/phing/system/util/Timer.php
./vendor/phing/system/util/Message.php
./vendor/phing/system/util/Properties.php
./vendor/phing/system/io/BufferedReader.php
./vendor/phing/system/io/IOException.php
./vendor/phing/system/io/PhingFile.php
./vendor/phing/system/io/ConsoleReader.php
./vendor/phing/system/io/FileReader.php
./vendor/phing/system/io/BufferedWriter.php
./vendor/phing/system/io/Win32FileSystem.php
./vendor/phing/system/io/TokenReader.php
./vendor/phing/system/io/WinNTFileSystem.php
./vendor/phing/system/io/Reader.php
./vendor/phing/system/io/FilterReader.php
./vendor/phing/system/io/FileSystem.php
./vendor/phing/system/io/Writer.php
./vendor/phing/system/io/StringReader.php
./vendor/phing/system/io/FileWriter.php
./vendor/phing/system/io/UnixFileSystem.php
./vendor/phing/Project.php
./vendor/phing/listener/NoBannerLogger.php
./vendor/phing/listener/BuildLogger.php
./vendor/phing/listener/AnsiColorLogger.php
./vendor/phing/listener/PearLogger.php
./vendor/phing/listener/XmlLogger.php
./vendor/phing/listener/DefaultLogger.php
./vendor/phing/ProjectComponent.php
./vendor/phing/IntrospectionHelper.php
./vendor/phing/lib/Capsule.php
./vendor/phing/lib/Zip.php
./vendor/phing/filters/TailFilter.php
./vendor/phing/filters/ExpandProperties.php
./vendor/phing/filters/ReplaceRegexp.php
./vendor/phing/filters/TabToSpaces.php
./vendor/phing/filters/TidyFilter.php
./vendor/phing/filters/LineContainsRegexp.php
./vendor/phing/filters/BaseFilterReader.php
./vendor/phing/filters/PrefixLines.php
./vendor/phing/filters/TranslateGettext.php
./vendor/phing/filters/StripLineComments.php
./vendor/phing/filters/util/ChainReaderHelper.php
./vendor/phing/filters/util/IniFileTokenReader.php
./vendor/phing/filters/BaseParamFilterReader.php
./vendor/phing/filters/StripLineBreaks.php
./vendor/phing/filters/XsltFilter.php
./vendor/phing/filters/ChainableReader.php
./vendor/phing/filters/StripPhpComments.php
./vendor/phing/filters/ReplaceTokens.php
./vendor/phing/filters/HeadFilter.php
./vendor/phing/filters/LineContains.php
./vendor/phing/RuntimeConfigurable.php
./vendor/phing/tasks/system/TypedefTask.php
./vendor/phing/tasks/system/ForeachTask.php
./vendor/phing/tasks/system/CopyTask.php
./vendor/phing/tasks/system/ReflexiveTask.php
./vendor/phing/tasks/system/SequentialTask.php
./vendor/phing/tasks/system/IncludePathTask.php
./vendor/phing/tasks/system/PropertyTask.php
./vendor/phing/tasks/system/TstampTask.php
./vendor/phing/tasks/system/PhpEvalTask.php
./vendor/phing/tasks/system/PropertyPromptTask.php
./vendor/phing/tasks/system/EchoTask.php
./vendor/phing/tasks/system/CvsTask.php
./vendor/phing/tasks/system/MoveTask.php
./vendor/phing/tasks/system/UpToDateTask.php
./vendor/phing/tasks/system/PhingTask.php
./vendor/phing/tasks/system/MatchingTask.php
./vendor/phing/tasks/system/ChmodTask.php
./vendor/phing/tasks/system/TaskdefTask.php
./vendor/phing/tasks/system/AdhocTypedefTask.php
./vendor/phing/tasks/system/WarnTask.php
./vendor/phing/tasks/system/AvailableTask.php
./vendor/phing/tasks/system/XsltTask.php
./vendor/phing/tasks/system/TouchTask.php
./vendor/phing/tasks/system/AppendTask.php
./vendor/phing/tasks/system/ExecTask.php
./vendor/phing/tasks/system/AdhocTaskdefTask.php
./vendor/phing/tasks/system/IfTask.php
./vendor/phing/tasks/system/PhingCallTask.php
./vendor/phing/tasks/system/CvsPassTask.php
./vendor/phing/tasks/system/ConditionTask.php
./vendor/phing/tasks/system/ExitTask.php
./vendor/phing/tasks/system/ResolvePathTask.php
./vendor/phing/tasks/system/AdhocTask.php
./vendor/phing/tasks/system/DeleteTask.php
./vendor/phing/tasks/system/condition/Condition.php
./vendor/phing/tasks/system/condition/EqualsCondition.php
./vendor/phing/tasks/system/condition/NotCondition.php
./vendor/phing/tasks/system/condition/OrCondition.php
./vendor/phing/tasks/system/condition/OsCondition.php
./vendor/phing/tasks/system/condition/ReferenceExistsCondition.php
./vendor/phing/tasks/system/condition/IsTrueCondition.php
./vendor/phing/tasks/system/condition/AndCondition.php
./vendor/phing/tasks/system/condition/IsFalseCondition.php
./vendor/phing/tasks/system/condition/IsSetCondition.php
./vendor/phing/tasks/system/condition/ConditionBase.php
./vendor/phing/tasks/system/condition/ContainsCondition.php
./vendor/phing/tasks/system/InputTask.php
./vendor/phing/tasks/system/MkdirTask.php
./vendor/phing/tasks/ext/CreoleSQLExecTask.php
./vendor/phing/tasks/ext/CreoleTask.php
./vendor/phing/tasks/ext/svn/SvnExportTask.php
./vendor/phing/tasks/ext/svn/SvnLastRevisionTask.php
./vendor/phing/tasks/ext/svn/SvnBaseTask.php
./vendor/phing/tasks/ext/XmlLintTask.php
./vendor/phing/tasks/ext/coverage/CoverageReportTask.php
./vendor/phing/tasks/ext/coverage/CoverageMergerTask.php
./vendor/phing/tasks/ext/coverage/CoverageSetupTask.php
./vendor/phing/tasks/ext/coverage/CoverageReportTransformer.php
./vendor/phing/tasks/ext/coverage/CoverageMerger.php
./vendor/phing/tasks/ext/PhpLintTask.php
./vendor/phing/tasks/ext/TarTask.php
./vendor/phing/tasks/ext/UnzipTask.php
./vendor/phing/tasks/ext/MailTask.php
./vendor/phing/tasks/ext/PackageAsPathTask.php
./vendor/phing/tasks/ext/PearPackageTask.php
./vendor/phing/tasks/ext/UntarTask.php
./vendor/phing/tasks/ext/phpunit2/FormatterElement.php
./vendor/phing/tasks/ext/phpunit2/SummaryPHPUnit2ResultFormatter.php
./vendor/phing/tasks/ext/phpunit2/PHPUnit2ReportTask.php
./vendor/phing/tasks/ext/phpunit2/PlainPHPUnit2ResultFormatter.php
./vendor/phing/tasks/ext/phpunit2/PHPUnit2ResultFormatter.php
./vendor/phing/tasks/ext/phpunit2/BatchTest.php
./vendor/phing/tasks/ext/phpunit2/XMLPHPUnit2ResultFormatter.php
./vendor/phing/tasks/ext/phpunit2/PHPUnit2TestRunner.php
./vendor/phing/tasks/ext/phpunit2/PHPUnit2Task.php
./vendor/phing/tasks/ext/phpunit2/PHPUnit2Util.php
./vendor/phing/tasks/ext/ZendCodeAnalyzerTask.php
./vendor/phing/tasks/ext/ZipTask.php
./vendor/phing/tasks/ext/ExtractBaseTask.php
./vendor/phing/tasks/ext/ioncube/IoncubeComment.php
./vendor/phing/tasks/ext/ioncube/IoncubeEncoderTask.php
./vendor/phing/tasks/ext/ioncube/IoncubeLicenseTask.php
./vendor/phing/tasks/ext/pearpackage/Fileset.php
./vendor/phing/tasks/ext/SmartyTask.php
./vendor/phing/tasks/ext/phpdoc/PHPDocumentorTask.php
./vendor/phing/tasks/ext/CapsuleTask.php
./vendor/phing/tasks/ext/simpletest/SimpleTestFormatterElement.php
./vendor/phing/tasks/ext/simpletest/SimpleTestPlainResultFormatter.php
./vendor/phing/tasks/ext/simpletest/SimpleTestCountResultFormatter.php
./vendor/phing/tasks/ext/simpletest/SimpleTestSummaryResultFormatter.php
./vendor/phing/tasks/ext/simpletest/SimpleTestTask.php
./vendor/phing/tasks/ext/simpletest/SimpleTestResultFormatter.php
./vendor/phing/parser/Location.php
./vendor/phing/parser/ExpatParser.php
./vendor/phing/parser/NestedElementHandler.php
./vendor/phing/parser/AbstractSAXParser.php
./vendor/phing/parser/AbstractHandler.php
./vendor/phing/parser/TargetHandler.php
./vendor/phing/parser/DataTypeHandler.php
./vendor/phing/parser/TaskHandler.php
./vendor/phing/parser/RootHandler.php
./vendor/phing/parser/ProjectHandler.php
./vendor/phing/parser/ProjectConfigurator.php
./vendor/phing/parser/ExpatParseException.php
./vendor/phing/mappers/GlobMapper.php
./vendor/phing/mappers/FileNameMapper.php
./vendor/phing/mappers/FlattenMapper.php
./vendor/phing/mappers/RegexpMapper.php
./vendor/phing/mappers/MergeMapper.php
./vendor/phing/mappers/IdentityMapper.php
./vendor/phing/Phing.php
./vendor/phing/input/InputHandler.php
./vendor/phing/input/MultipleChoiceInputRequest.php
./vendor/phing/input/InputRequest.php
./vendor/phing/input/DefaultInputHandler.php
./vendor/phing/input/PropertyFileInputHandler.php
./vendor/phing/input/YesNoInputRequest.php
./vendor/phing/util/ExtendedFileStream.php
./vendor/phing/util/SourceFileScanner.php
./vendor/phing/util/DirectoryScanner.php
./vendor/phing/util/FileUtils.php
./vendor/phing/util/PathTokenizer.php
./vendor/phing/util/StringHelper.php
./vendor/phing/util/LogWriter.php
./vendor/phing/util/regexp/PregEngine.php
./vendor/phing/util/regexp/RegexpEngine.php
./vendor/phing/util/regexp/Regexp.php
./vendor/phing/TaskContainer.php
./vendor/phing/Task.php
./vendor/phing/BuildException.php
./vendor/phing/types/Description.php
./vendor/phing/types/PhingFilterReader.php
./vendor/phing/types/FileSet.php
./vendor/phing/types/FilterChain.php
./vendor/phing/types/Mapper.php
./vendor/phing/types/FileList.php
./vendor/phing/types/TokenReader.php
./vendor/phing/types/Parameter.php
./vendor/phing/types/Reference.php
./vendor/phing/types/DataType.php
./vendor/phing/types/PatternSet.php
./vendor/phing/types/selectors/TypeSelector.php
./vendor/phing/types/selectors/DepthSelector.php
./vendor/phing/types/selectors/BaseSelector.php
./vendor/phing/types/selectors/AndSelector.php
./vendor/phing/types/selectors/ContainsSelector.php
./vendor/phing/types/selectors/SelectorContainer.php
./vendor/phing/types/selectors/NotSelector.php
./vendor/phing/types/selectors/SelectSelector.php
./vendor/phing/types/selectors/DependSelector.php
./vendor/phing/types/selectors/ContainsRegexpSelector.php
./vendor/phing/types/selectors/SizeSelector.php
./vendor/phing/types/selectors/MajoritySelector.php
./vendor/phing/types/selectors/FilenameSelector.php
./vendor/phing/types/selectors/SelectorScanner.php
./vendor/phing/types/selectors/PresentSelector.php
./vendor/phing/types/selectors/BaseSelectorContainer.php
./vendor/phing/types/selectors/ExtendFileSelector.php
./vendor/phing/types/selectors/DateSelector.php
./vendor/phing/types/selectors/NoneSelector.php
./vendor/phing/types/selectors/BaseExtendSelector.php
./vendor/phing/types/selectors/ExtendSelector.php
./vendor/phing/types/selectors/SelectorUtils.php
./vendor/phing/types/selectors/FileSelector.php
./vendor/phing/types/selectors/OrSelector.php
./vendor/phing/types/AbstractFileSet.php
./vendor/phing/types/Parameterizable.php
./vendor/phing/types/Commandline.php
./vendor/phing/types/RegularExpression.php
./vendor/phing/types/Path.php
./vendor/phing/types/DirSet.php
./vendor/phing/types/TokenSource.php
./vendor/phing/UnknownElement.php
./vendor/phing/Target.php
./vendor/phing/TaskAdapter.php
./vendor/propel/logger/BasicLogger.php
./vendor/propel/logger/MojaviLogAdapter.php
./vendor/propel/map/DatabaseMap.php
./vendor/propel/map/ValidatorMap.php
./vendor/propel/map/MapBuilder.php
./vendor/propel/map/TableMap.php
./vendor/propel/map/ColumnMap.php
./vendor/propel/adapter/DBMySQLi.php
./vendor/propel/adapter/DBPostgres.php
./vendor/propel/adapter/DBMSSQL.php
./vendor/propel/adapter/DBSybase.php
./vendor/propel/adapter/DBSQLite.php
./vendor/propel/adapter/DBOracle.php
./vendor/propel/adapter/DBNone.php
./vendor/propel/adapter/DBMySQL.php
./vendor/propel/adapter/DBAdapter.php
./vendor/propel/PropelException.php
./vendor/propel/util/PropelPager.php
./vendor/propel/util/PeerInfo.php
./vendor/propel/util/Transaction.php
./vendor/propel/util/Criteria.php
./vendor/propel/util/BasePeer.php
./vendor/propel/om/Persistent.php
./vendor/propel/om/PreOrderNodeIterator.php
./vendor/propel/om/BaseObject.php
./vendor/propel/Propel.php
./vendor/propel/validator/UniqueValidator.php
./vendor/propel/validator/MatchValidator.php
./vendor/propel/validator/ValidationFailed.php
./vendor/propel/validator/RequiredValidator.php
./vendor/propel/validator/NotMatchValidator.php
./vendor/propel/validator/BasicValidator.php
./vendor/propel/validator/MaxLengthValidator.php
./vendor/propel/validator/MaxValueValidator.php
./vendor/propel/validator/MinLengthValidator.php
./vendor/propel/validator/MinValueValidator.php
./vendor/propel/validator/ValidValuesValidator.php
./util/sfFinder.class.php
./util/sfContext.class.php
./util/sfParameterHolder.class.php
./util/sfMixer.class.php
./util/sfBrowser.class.php
./util/Spyc.class.php
./util/sfDomCssSelector.class.php
./util/sfToolkit.class.php
./util/sfYaml.class.php
./util/sfFillInForm.class.php
./util/sfInflector.class.php
./util/sfCore.class.php
./addon/sfPager.class.php
./addon/sfData.class.php
./addon/sfMail.class.php
./addon/creole/i18n/sfMessageSource_Creole.class.php
./addon/creole/drivers/sfDebugConnection.php
./addon/creole/storage/sfCreoleSessionStorage.class.php
./addon/creole/database/sfCreoleDatabase.class.php
./addon/bridge/sfZendFrameworkBridge.class.php
./addon/bridge/sfEzComponentsBridge.class.php
./addon/propel/generator/sfPropelAdminGenerator.class.php
./addon/propel/generator/sfPropelCrudGenerator.class.php
./addon/propel/sfPropelBehavior.class.php
./addon/propel/sfPropelPager.class.php
./addon/propel/sfPropelManyToMany.class.php
./addon/propel/database/sfPropelDatabase.class.php
./addon/propel/database/sfPropelDataRetriever.class.php
./addon/propel/sfPropelDatabaseSchema.class.php
./addon/propel/builder/SfPeerBuilder.php
./addon/propel/builder/SfObjectBuilder.php
./addon/propel/builder/SfExtensionPeerBuilder.php
./addon/propel/builder/SfMultiExtendObjectBuilder.php
./addon/propel/builder/SfMapBuilderBuilder.php
./addon/propel/builder/SfExtensionObjectBuilder.php
./addon/propel/sfPropelAutoload.php
./addon/propel/validator/sfPropelUniqueValidator.class.php
./addon/propel/sfPropelData.class.php
./log/sfLogger.class.php
./log/sfLogManager.class.php
./log/sfLogger/sfWebDebugLogger.class.php
./log/sfLogger/sfFileLogger.class.php
./database/sfDatabase.class.php
./database/sfMySQLDatabase.class.php
./database/sfPDODatabase.class.php
./database/sfPostgreSQLDatabase.class.php
./database/sfDatabaseManager.class.php
./cache/sfFileCache.class.php
./cache/sfFunctionCache.class.php
./cache/sfCache.class.php
./cache/sfProcessCache.class.php
./cache/sfSQLiteCache.class.php
./user/sfUser.class.php
./user/sfSecurityUser.class.php
./user/sfBasicSecurityUser.class.php
./validator/sfStringValidator.class.php
./validator/sfCompareValidator.class.php
./validator/sfHtmlValidator.class.php
./validator/sfUrlValidator.class.php
./validator/sfEmailValidator.class.php
./validator/sfValidator.class.php
./validator/sfFileValidator.class.php
./validator/sfNumberValidator.class.php
./validator/sfDateValidator.class.php
./validator/sfRegexValidator.class.php
./validator/sfValidatorManager.class.php
./validator/sfCallbackValidator.class.php
./filter/sfWebDebugFilter.class.php
./filter/sfFlashFilter.class.php
./filter/sfExecutionFilter.class.php
./filter/sfFilter.class.php
./filter/sfFilterChain.class.php
./filter/sfCacheFilter.class.php
./filter/sfSecurityFilter.class.php
./filter/sfBasicSecurityFilter.class.php
./filter/sfFillInFormFilter.class.php
./filter/sfRenderingFilter.class.php
./filter/sfCommonFilter.class.php
